// Vitest Snapshot v1, https://vitest.dev/guide/snapshot.html

exports[`BackgroundMap.vue > renders correctly 1`] = `
<div
  class="map-container"
  mapbox-style-dark="restartukraine/cm3p4jqnj009y01s79ngdah4r"
  mapbox-style-light="restartukraine/cm3p0s3gw00yd01seasye5jdw"
>
  
  <ol-layer-vector-stub />
  
  
  
</div>
`;
