// Vitest Snapshot v1, https://vitest.dev/guide/snapshot.html

exports[`genericToolbar > renders correctly 1`] = `
<div
  class="flex flex-col bg-white/90 rounded-3xl p-4 shadow-lg"
>
  
  <button
    class="w-14 h-14 my-2 bg-white hover:translate-y-[-2px] hover:shadow-md hover:bg-gray-100 flex items-center justify-center"
  >
    
    <i
      class="text-2xl text-gray-800 transform translate-y-[0.5px]"
    >
      
      
    </i>
    
  </button>
  <button
    class="w-14 h-14 my-2 bg-white hover:translate-y-[-2px] hover:shadow-md hover:bg-gray-100 flex items-center justify-center"
  >
    
    <i
      class="text-2xl text-gray-800 transform translate-y-[0.5px]"
    >
      
      
    </i>
    
  </button>
  
</div>
`;
